src/pages/AnalyticsPage.tsx(2,10): error TS6133: 'BarChart3' is declared but its value is never read.
src/pages/AnalyticsPage.tsx(15,55): error TS2367: This comparison appears to be unintentional because the types '"draft" | "review" | "sent" | "lost" | "expired"' and '"accepted"' have no overlap.
src/pages/MachinesPage.tsx(42,28): error TS2551: Property 'short_name' does not exist on type '{ id: string; name: string; isActive: boolean; notes: string | null; updatedAt: Date; createdAt: Date; category: MachineCategory; isSystem: boolean; shortName: string; ratePerHour: number; }'. Did you mean 'shortName'?
src/pages/MachinesPage.tsx(44,28): error TS2339: Property 'currency' does not exist on type '{ id: string; name: string; isActive: boolean; notes: string | null; updatedAt: Date; createdAt: Date; category: MachineCategory; isSystem: boolean; shortName: string; ratePerHour: number; }'.
src/pages/MachinesPage.tsx(44,41): error TS2339: Property 'hourly_rate' does not exist on type '{ id: string; name: string; isActive: boolean; notes: string | null; updatedAt: Date; createdAt: Date; category: MachineCategory; isSystem: boolean; shortName: string; ratePerHour: number; }'.
src/pages/MaterialsPage.tsx(44,108): error TS2551: Property 'color_hex' does not exist on type '{ id: string; name: string; isActive: boolean; currency: string; notes: string | null; machinability: number; updatedAt: Date; createdAt: Date; densityKgPerM3: number; costPerKg: number; ... 4 more ...; isSystem: boolean; }'. Did you mean 'colorHex'?
src/pages/MaterialsPage.tsx(44,182): error TS2551: Property 'color_hex' does not exist on type '{ id: string; name: string; isActive: boolean; currency: string; notes: string | null; machinability: number; updatedAt: Date; createdAt: Date; densityKgPerM3: number; costPerKg: number; ... 4 more ...; isSystem: boolean; }'. Did you mean 'colorHex'?
src/pages/MaterialsPage.tsx(48,28): error TS2551: Property 'density_kg_m3' does not exist on type '{ id: string; name: string; isActive: boolean; currency: string; notes: string | null; machinability: number; updatedAt: Date; createdAt: Date; densityKgPerM3: number; costPerKg: number; ... 4 more ...; isSystem: boolean; }'. Did you mean 'densityKgPerM3'?
src/pages/MaterialsPage.tsx(49,41): error TS2551: Property 'cost_per_kg' does not exist on type '{ id: string; name: string; isActive: boolean; currency: string; notes: string | null; machinability: number; updatedAt: Date; createdAt: Date; densityKgPerM3: number; costPerKg: number; ... 4 more ...; isSystem: boolean; }'. Did you mean 'costPerKg'?
src/pages/MaterialsPage.tsx(50,28): error TS2551: Property 'machinability_score' does not exist on type '{ id: string; name: string; isActive: boolean; currency: string; notes: string | null; machinability: number; updatedAt: Date; createdAt: Date; densityKgPerM3: number; costPerKg: number; ... 4 more ...; isSystem: boolean; }'. Did you mean 'machinability'?
src/pages/QuotesPage.tsx(47,26): error TS2678: Type '"new"' is not comparable to type 'QuoteStatus'.
src/pages/QuotesPage.tsx(48,26): error TS2678: Type '"quoted"' is not comparable to type 'QuoteStatus'.
src/pages/QuotesPage.tsx(50,26): error TS2678: Type '"accepted"' is not comparable to type 'QuoteStatus'.
src/pages/QuotesPage.tsx(53,26): error TS2678: Type '"rejected"' is not comparable to type 'QuoteStatus'.
src/pages/QuotesPage.tsx(55,26): error TS2678: Type '"closed"' is not comparable to type 'QuoteStatus'.
src/pages/QuotesPage.tsx(60,25): error TS2551: Property 'cost_snapshot' does not exist on type '{ id: string; title: string; currency: string; inspectionCost: number; toolingCost: number; notes: string | null; updatedAt: Date; createdAt: Date; customerId: string | null; status: QuoteStatus; ... 10 more ...; validUntil: Date | null; }'. Did you mean 'costSnapshot'?
src/pages/QuotesPage.tsx(62,48): error TS2551: Property 'cost_snapshot' does not exist on type '{ id: string; title: string; currency: string; inspectionCost: number; toolingCost: number; notes: string | null; updatedAt: Date; createdAt: Date; customerId: string | null; status: QuoteStatus; ... 10 more ...; validUntil: Date | null; }'. Did you mean 'costSnapshot'?
src/pages/QuotesPage.tsx(62,90): error TS2551: Property 'cost_snapshot' does not exist on type '{ id: string; title: string; currency: string; inspectionCost: number; toolingCost: number; notes: string | null; updatedAt: Date; createdAt: Date; customerId: string | null; status: QuoteStatus; ... 10 more ...; validUntil: Date | null; }'. Did you mean 'costSnapshot'?
src/pages/QuotesPage.tsx(62,109): error TS2551: Property 'cost_snapshot' does not exist on type '{ id: string; title: string; currency: string; inspectionCost: number; toolingCost: number; notes: string | null; updatedAt: Date; createdAt: Date; customerId: string | null; status: QuoteStatus; ... 10 more ...; validUntil: Date | null; }'. Did you mean 'costSnapshot'?
src/pages/QuotesPage.tsx(73,30): error TS2551: Property 'quote_number' does not exist on type '{ id: string; title: string; currency: string; inspectionCost: number; toolingCost: number; notes: string | null; updatedAt: Date; createdAt: Date; customerId: string | null; status: QuoteStatus; ... 10 more ...; validUntil: Date | null; }'. Did you mean 'quoteNumber'?
src/pages/QuotesPage.tsx(77,30): error TS2339: Property 'assembly_qty' does not exist on type '{ id: string; title: string; currency: string; inspectionCost: number; toolingCost: number; notes: string | null; updatedAt: Date; createdAt: Date; customerId: string | null; status: QuoteStatus; ... 10 more ...; validUntil: Date | null; }'.
src/pages/RfqsPage.tsx(45,26): error TS2678: Type '"draft"' is not comparable to type 'RfqStatus'.
src/pages/RfqsPage.tsx(49,26): error TS2678: Type '"sent"' is not comparable to type 'RfqStatus'.
src/pages/RfqsPage.tsx(51,26): error TS2678: Type '"won"' is not comparable to type 'RfqStatus'.
src/pages/RfqsPage.tsx(52,26): error TS2678: Type '"lost"' is not comparable to type 'RfqStatus'.
src/pages/RfqsPage.tsx(54,26): error TS2678: Type '"expired"' is not comparable to type 'RfqStatus'.
src/pages/RfqsPage.tsx(59,30): error TS2551: Property 'reference_number' does not exist on type '{ id: string; title: string; notes: string | null; updatedAt: Date; createdAt: Date; customerId: string | null; referenceNumber: string | null; description: string | null; status: RfqStatus; receivedAt: Date; dueDate: Date | null; }'. Did you mean 'referenceNumber'?
src/pages/RfqsPage.tsx(61,30): error TS2551: Property 'customer_id' does not exist on type '{ id: string; title: string; notes: string | null; updatedAt: Date; createdAt: Date; customerId: string | null; referenceNumber: string | null; description: string | null; status: RfqStatus; receivedAt: Date; dueDate: Date | null; }'. Did you mean 'customerId'?
src/pages/RfqsPage.tsx(63,30): error TS2551: Property 'received_at' does not exist on type '{ id: string; title: string; notes: string | null; updatedAt: Date; createdAt: Date; customerId: string | null; referenceNumber: string | null; description: string | null; status: RfqStatus; receivedAt: Date; dueDate: Date | null; }'. Did you mean 'receivedAt'?
src/pages/RfqsPage.tsx(63,55): error TS2551: Property 'received_at' does not exist on type '{ id: string; title: string; notes: string | null; updatedAt: Date; createdAt: Date; customerId: string | null; referenceNumber: string | null; description: string | null; status: RfqStatus; receivedAt: Date; dueDate: Date | null; }'. Did you mean 'receivedAt'?
src/pages/RfqsPage.tsx(64,30): error TS2551: Property 'due_date' does not exist on type '{ id: string; title: string; notes: string | null; updatedAt: Date; createdAt: Date; customerId: string | null; referenceNumber: string | null; description: string | null; status: RfqStatus; receivedAt: Date; dueDate: Date | null; }'. Did you mean 'dueDate'?
src/pages/RfqsPage.tsx(64,52): error TS2551: Property 'due_date' does not exist on type '{ id: string; title: string; notes: string | null; updatedAt: Date; createdAt: Date; customerId: string | null; referenceNumber: string | null; description: string | null; status: RfqStatus; receivedAt: Date; dueDate: Date | null; }'. Did you mean 'dueDate'?
